19:09:27 INFO    train | config: configs\retriever.yaml + ['name=retriever_hn2_12k', 'data.batch_size=128', 'loss.hard_negatives=2', 'loss.answerable_weight=0.0', 'train.max_steps=12000']
19:09:33 INFO    qar.training.trainer | run 'retriever_hn2_12k' | device=cuda (NVIDIA GeForce RTX 5060 Laptop GPU, 8.0 GiB, sm_120) amp=bfloat16
19:09:33 INFO    qar.training.trainer | trainable parameters: 45.97M
19:09:34 INFO    qar.tasks.retriever | dedup sampler on: 704201 rows, 638306 distinct questions
19:10:13 INFO    qar.training.trainer | step    100 | loss=4.9083 nce=4.9083 acc=0.0106 grad_norm=2.7947 lr=0.0000 steps_per_s=2.6002 mem/alloc_mib=6425.4370 mem/reserved_mib=7754.0000
19:11:02 INFO    qar.training.trainer | step    200 | loss=4.7753 nce=4.7753 acc=0.0209 grad_norm=1.9014 lr=0.0001 steps_per_s=2.0044 mem/alloc_mib=6425.4370 mem/reserved_mib=7754.0000
19:11:55 INFO    qar.training.trainer | step    300 | loss=4.6701 nce=4.6701 acc=0.0306 grad_norm=2.6741 lr=0.0001 steps_per_s=1.8984 mem/alloc_mib=6425.4370 mem/reserved_mib=7754.0000
19:12:46 INFO    qar.training.trainer | step    400 | loss=4.5212 nce=4.5212 acc=0.0423 grad_norm=3.5798 lr=0.0002 steps_per_s=1.9758 mem/alloc_mib=6425.4370 mem/reserved_mib=7754.0000
19:13:38 INFO    qar.training.trainer | step    500 | loss=4.4070 nce=4.4070 acc=0.0498 grad_norm=3.9491 lr=0.0002 steps_per_s=1.9154 mem/alloc_mib=6449.1396 mem/reserved_mib=7754.0000
19:14:32 INFO    qar.training.trainer | step    600 | loss=4.2643 nce=4.2643 acc=0.0656 grad_norm=3.7623 lr=0.0003 steps_per_s=1.8438 mem/alloc_mib=6449.1396 mem/reserved_mib=7754.0000
19:15:24 INFO    qar.training.trainer | step    700 | loss=4.1394 nce=4.1394 acc=0.0759 grad_norm=3.5570 lr=0.0003 steps_per_s=1.9484 mem/alloc_mib=6449.1396 mem/reserved_mib=7754.0000
19:16:15 INFO    qar.training.trainer | step    800 | loss=4.0312 nce=4.0312 acc=0.0911 grad_norm=3.4753 lr=0.0003 steps_per_s=1.9562 mem/alloc_mib=6449.1396 mem/reserved_mib=7754.0000
19:17:06 INFO    qar.training.trainer | step    900 | loss=3.8925 nce=3.8925 acc=0.1046 grad_norm=3.3627 lr=0.0003 steps_per_s=1.9408 mem/alloc_mib=6449.1396 mem/reserved_mib=7754.0000
19:17:56 INFO    qar.training.trainer | step   1000 | loss=3.8122 nce=3.8122 acc=0.1140 grad_norm=3.3194 lr=0.0003 steps_per_s=2.0140 mem/alloc_mib=6449.1396 mem/reserved_mib=7754.0000
19:18:00 INFO    qar.training.trainer | step   1000 | EVAL val/loss=3.7162 val/mrr=0.2576 val/recall@1=0.1265 val/recall@5=0.3948 val/recall@10=0.5366 val/mean_rank=19.8154
19:18:00 INFO    qar.training.trainer | new best val/recall@1=0.1265
19:18:52 INFO    qar.training.trainer | step   1100 | loss=3.7275 nce=3.7275 acc=0.1266 grad_norm=3.2655 lr=0.0003 steps_per_s=1.7830 mem/alloc_mib=6449.1396 mem/reserved_mib=7754.0000
19:19:43 INFO    qar.training.trainer | step   1200 | loss=3.6372 nce=3.6372 acc=0.1409 grad_norm=3.1627 lr=0.0003 steps_per_s=1.9541 mem/alloc_mib=6451.2905 mem/reserved_mib=7754.0000
19:20:34 INFO    qar.training.trainer | step   1300 | loss=3.5879 nce=3.5879 acc=0.1466 grad_norm=3.1713 lr=0.0003 steps_per_s=1.9776 mem/alloc_mib=6451.2905 mem/reserved_mib=7754.0000
19:21:24 INFO    qar.training.trainer | step   1400 | loss=3.5156 nce=3.5156 acc=0.1548 grad_norm=3.1383 lr=0.0003 steps_per_s=2.0008 mem/alloc_mib=6451.2905 mem/reserved_mib=7754.0000
19:22:15 INFO    qar.training.trainer | step   1500 | loss=3.4929 nce=3.4929 acc=0.1592 grad_norm=3.1580 lr=0.0003 steps_per_s=1.9374 mem/alloc_mib=6451.2905 mem/reserved_mib=7754.0000
19:23:06 INFO    qar.training.trainer | step   1600 | loss=3.4129 nce=3.4129 acc=0.1630 grad_norm=3.1063 lr=0.0003 steps_per_s=1.9608 mem/alloc_mib=6451.2905 mem/reserved_mib=7754.0000
19:23:56 INFO    qar.training.trainer | step   1700 | loss=3.3885 nce=3.3885 acc=0.1737 grad_norm=3.0445 lr=0.0003 steps_per_s=2.0063 mem/alloc_mib=6451.2905 mem/reserved_mib=7754.0000
19:24:46 INFO    qar.training.trainer | step   1800 | loss=3.3719 nce=3.3719 acc=0.1758 grad_norm=2.9533 lr=0.0003 steps_per_s=2.0205 mem/alloc_mib=6451.2905 mem/reserved_mib=7754.0000
19:25:37 INFO    qar.training.trainer | step   1900 | loss=3.3215 nce=3.3215 acc=0.1788 grad_norm=2.9367 lr=0.0003 steps_per_s=1.9570 mem/alloc_mib=6451.2905 mem/reserved_mib=7754.0000
19:26:26 INFO    qar.training.trainer | step   2000 | loss=3.3117 nce=3.3117 acc=0.1825 grad_norm=2.8810 lr=0.0003 steps_per_s=2.0226 mem/alloc_mib=6451.2905 mem/reserved_mib=7754.0000
19:26:30 INFO    qar.training.trainer | step   2000 | EVAL val/loss=3.2353 val/mrr=0.3428 val/recall@1=0.1907 val/recall@5=0.5229 val/recall@10=0.6646 val/mean_rank=13.8528
19:26:30 INFO    qar.training.trainer | new best val/recall@1=0.1907
19:27:22 INFO    qar.training.trainer | step   2100 | loss=3.2995 nce=3.2995 acc=0.1782 grad_norm=2.8513 lr=0.0003 steps_per_s=1.7997 mem/alloc_mib=6526.0908 mem/reserved_mib=7754.0000
19:28:11 INFO    qar.training.trainer | step   2200 | loss=3.2476 nce=3.2476 acc=0.1880 grad_norm=2.8474 lr=0.0003 steps_per_s=2.0120 mem/alloc_mib=6526.0908 mem/reserved_mib=7754.0000
19:29:01 INFO    qar.training.trainer | step   2300 | loss=3.2371 nce=3.2371 acc=0.1895 grad_norm=2.8130 lr=0.0003 steps_per_s=2.0259 mem/alloc_mib=6526.0908 mem/reserved_mib=7754.0000
19:29:51 INFO    qar.training.trainer | step   2400 | loss=3.2203 nce=3.2203 acc=0.1928 grad_norm=2.8007 lr=0.0003 steps_per_s=1.9940 mem/alloc_mib=6526.0908 mem/reserved_mib=7754.0000
19:30:41 INFO    qar.training.trainer | step   2500 | loss=3.1936 nce=3.1936 acc=0.1937 grad_norm=2.7523 lr=0.0003 steps_per_s=2.0013 mem/alloc_mib=6550.5273 mem/reserved_mib=7754.0000
19:31:31 INFO    qar.training.trainer | step   2600 | loss=3.1391 nce=3.1391 acc=0.2087 grad_norm=2.7404 lr=0.0003 steps_per_s=2.0005 mem/alloc_mib=6550.5273 mem/reserved_mib=7754.0000
19:32:21 INFO    qar.training.trainer | step   2700 | loss=3.1369 nce=3.1369 acc=0.2073 grad_norm=2.7483 lr=0.0003 steps_per_s=1.9922 mem/alloc_mib=6550.5273 mem/reserved_mib=7754.0000
19:33:11 INFO    qar.training.trainer | step   2800 | loss=3.1577 nce=3.1577 acc=0.2040 grad_norm=2.7450 lr=0.0003 steps_per_s=2.0108 mem/alloc_mib=6550.5273 mem/reserved_mib=7754.0000
19:34:01 INFO    qar.training.trainer | step   2900 | loss=3.1265 nce=3.1265 acc=0.2042 grad_norm=2.6977 lr=0.0003 steps_per_s=2.0043 mem/alloc_mib=6550.5273 mem/reserved_mib=7754.0000
19:34:50 INFO    qar.training.trainer | step   3000 | loss=3.0886 nce=3.0886 acc=0.2147 grad_norm=2.6787 lr=0.0003 steps_per_s=2.0179 mem/alloc_mib=6550.5273 mem/reserved_mib=7754.0000
19:34:54 INFO    qar.training.trainer | step   3000 | EVAL val/loss=3.0199 val/mrr=0.3814 val/recall@1=0.2197 val/recall@5=0.5762 val/recall@10=0.7117 val/mean_rank=11.8660
19:34:54 INFO    qar.training.trainer | new best val/recall@1=0.2197
19:35:42 INFO    qar.training.trainer | step   3100 | loss=3.0793 nce=3.0793 acc=0.2171 grad_norm=2.6748 lr=0.0003 steps_per_s=1.9141 mem/alloc_mib=6550.5273 mem/reserved_mib=7754.0000
19:36:32 INFO    qar.training.trainer | step   3200 | loss=3.0308 nce=3.0308 acc=0.2172 grad_norm=2.6362 lr=0.0003 steps_per_s=2.0198 mem/alloc_mib=6550.5273 mem/reserved_mib=7754.0000
19:37:21 INFO    qar.training.trainer | step   3300 | loss=3.0310 nce=3.0310 acc=0.2230 grad_norm=2.6816 lr=0.0003 steps_per_s=2.0265 mem/alloc_mib=6550.5273 mem/reserved_mib=7754.0000
19:38:12 INFO    qar.training.trainer | step   3400 | loss=3.0117 nce=3.0117 acc=0.2198 grad_norm=2.6411 lr=0.0003 steps_per_s=1.9759 mem/alloc_mib=6550.5273 mem/reserved_mib=7754.0000
19:39:01 INFO    qar.training.trainer | step   3500 | loss=3.0239 nce=3.0239 acc=0.2170 grad_norm=2.5964 lr=0.0003 steps_per_s=2.0484 mem/alloc_mib=6550.5273 mem/reserved_mib=7754.0000
19:39:51 INFO    qar.training.trainer | step   3600 | loss=2.9991 nce=2.9991 acc=0.2242 grad_norm=2.5642 lr=0.0003 steps_per_s=1.9863 mem/alloc_mib=6550.5273 mem/reserved_mib=7754.0000
19:40:40 INFO    qar.training.trainer | step   3700 | loss=2.9953 nce=2.9953 acc=0.2270 grad_norm=2.5852 lr=0.0003 steps_per_s=2.0269 mem/alloc_mib=6550.5273 mem/reserved_mib=7754.0000
19:41:29 INFO    qar.training.trainer | step   3800 | loss=2.9730 nce=2.9730 acc=0.2332 grad_norm=2.5617 lr=0.0002 steps_per_s=2.0426 mem/alloc_mib=6550.5273 mem/reserved_mib=7754.0000
19:42:17 INFO    qar.training.trainer | step   3900 | loss=2.9780 nce=2.9780 acc=0.2319 grad_norm=2.5316 lr=0.0002 steps_per_s=2.0805 mem/alloc_mib=6550.5273 mem/reserved_mib=7754.0000
19:43:06 INFO    qar.training.trainer | step   4000 | loss=2.9305 nce=2.9305 acc=0.2288 grad_norm=2.5045 lr=0.0002 steps_per_s=2.0708 mem/alloc_mib=6550.5273 mem/reserved_mib=7754.0000
19:43:09 INFO    qar.training.trainer | step   4000 | EVAL val/loss=2.8905 val/mrr=0.4005 val/recall@1=0.2305 val/recall@5=0.6130 val/recall@10=0.7473 val/mean_rank=10.7427
19:43:10 INFO    qar.training.trainer | new best val/recall@1=0.2305
19:44:00 INFO    qar.training.trainer | step   4100 | loss=2.9151 nce=2.9151 acc=0.2389 grad_norm=2.5509 lr=0.0002 steps_per_s=1.8563 mem/alloc_mib=6550.5273 mem/reserved_mib=7754.0000
19:44:49 INFO    qar.training.trainer | step   4200 | loss=2.9301 nce=2.9301 acc=0.2384 grad_norm=2.5065 lr=0.0002 steps_per_s=2.0278 mem/alloc_mib=6550.5273 mem/reserved_mib=7754.0000
19:45:37 INFO    qar.training.trainer | step   4300 | loss=2.9188 nce=2.9188 acc=0.2411 grad_norm=2.4799 lr=0.0002 steps_per_s=2.0890 mem/alloc_mib=6550.5273 mem/reserved_mib=7754.0000
19:46:26 INFO    qar.training.trainer | step   4400 | loss=2.9361 nce=2.9361 acc=0.2387 grad_norm=2.4850 lr=0.0002 steps_per_s=2.0246 mem/alloc_mib=6550.5273 mem/reserved_mib=7754.0000
19:47:15 INFO    qar.training.trainer | step   4500 | loss=2.9137 nce=2.9137 acc=0.2383 grad_norm=2.5071 lr=0.0002 steps_per_s=2.0519 mem/alloc_mib=6550.5273 mem/reserved_mib=7754.0000
19:48:04 INFO    qar.training.trainer | step   4600 | loss=2.8767 nce=2.8767 acc=0.2452 grad_norm=2.4825 lr=0.0002 steps_per_s=2.0324 mem/alloc_mib=6550.5273 mem/reserved_mib=7754.0000
19:48:53 INFO    qar.training.trainer | step   4700 | loss=2.8784 nce=2.8784 acc=0.2445 grad_norm=2.4762 lr=0.0002 steps_per_s=2.0674 mem/alloc_mib=6550.5273 mem/reserved_mib=7754.0000
19:49:42 INFO    qar.training.trainer | step   4800 | loss=2.8981 nce=2.8981 acc=0.2450 grad_norm=2.4558 lr=0.0002 steps_per_s=2.0389 mem/alloc_mib=6557.9019 mem/reserved_mib=7754.0000
19:50:31 INFO    qar.training.trainer | step   4900 | loss=2.8519 nce=2.8519 acc=0.2418 grad_norm=2.4534 lr=0.0002 steps_per_s=2.0405 mem/alloc_mib=6557.9019 mem/reserved_mib=7754.0000
19:51:19 INFO    qar.training.trainer | step   5000 | loss=2.8519 nce=2.8519 acc=0.2455 grad_norm=2.4492 lr=0.0002 steps_per_s=2.0544 mem/alloc_mib=6557.9019 mem/reserved_mib=7754.0000
19:51:23 INFO    qar.training.trainer | step   5000 | EVAL val/loss=2.8048 val/mrr=0.4195 val/recall@1=0.2493 val/recall@5=0.6399 val/recall@10=0.7649 val/mean_rank=10.0659
19:51:24 INFO    qar.training.trainer | new best val/recall@1=0.2493
19:52:13 INFO    qar.training.trainer | step   5100 | loss=2.8476 nce=2.8476 acc=0.2452 grad_norm=2.4332 lr=0.0002 steps_per_s=1.8770 mem/alloc_mib=6557.9019 mem/reserved_mib=7754.0000
19:53:01 INFO    qar.training.trainer | step   5200 | loss=2.8376 nce=2.8376 acc=0.2526 grad_norm=2.4442 lr=0.0002 steps_per_s=2.0732 mem/alloc_mib=6557.9019 mem/reserved_mib=7754.0000
19:53:50 INFO    qar.training.trainer | step   5300 | loss=2.8124 nce=2.8124 acc=0.2576 grad_norm=2.4376 lr=0.0002 steps_per_s=2.0113 mem/alloc_mib=6557.9019 mem/reserved_mib=7754.0000
19:54:39 INFO    qar.training.trainer | step   5400 | loss=2.8391 nce=2.8391 acc=0.2538 grad_norm=2.4262 lr=0.0002 steps_per_s=2.0802 mem/alloc_mib=6557.9019 mem/reserved_mib=7754.0000
19:55:28 INFO    qar.training.trainer | step   5500 | loss=2.8194 nce=2.8194 acc=0.2549 grad_norm=2.4414 lr=0.0002 steps_per_s=2.0292 mem/alloc_mib=6557.9019 mem/reserved_mib=7754.0000
19:56:16 INFO    qar.training.trainer | step   5600 | loss=2.6084 nce=2.6084 acc=0.2980 grad_norm=2.5827 lr=0.0002 steps_per_s=2.0600 mem/alloc_mib=6557.9019 mem/reserved_mib=7754.0000
19:57:05 INFO    qar.training.trainer | step   5700 | loss=2.5656 nce=2.5656 acc=0.2973 grad_norm=2.6646 lr=0.0002 steps_per_s=2.0649 mem/alloc_mib=6557.9019 mem/reserved_mib=7754.0000
19:57:54 INFO    qar.training.trainer | step   5800 | loss=2.5935 nce=2.5935 acc=0.2936 grad_norm=2.6687 lr=0.0002 steps_per_s=2.0340 mem/alloc_mib=6557.9019 mem/reserved_mib=7754.0000
19:58:42 INFO    qar.training.trainer | step   5900 | loss=2.5880 nce=2.5880 acc=0.2936 grad_norm=2.6718 lr=0.0002 steps_per_s=2.0754 mem/alloc_mib=6557.9019 mem/reserved_mib=7754.0000
19:59:32 INFO    qar.training.trainer | step   6000 | loss=2.5907 nce=2.5907 acc=0.2944 grad_norm=2.6596 lr=0.0002 steps_per_s=2.0192 mem/alloc_mib=6557.9019 mem/reserved_mib=7754.0000
19:59:35 INFO    qar.training.trainer | step   6000 | EVAL val/loss=2.7973 val/mrr=0.4216 val/recall@1=0.2493 val/recall@5=0.6418 val/recall@10=0.7688 val/mean_rank=9.9307
20:00:25 INFO    qar.training.trainer | step   6100 | loss=2.6153 nce=2.6153 acc=0.2909 grad_norm=2.6732 lr=0.0002 steps_per_s=1.8833 mem/alloc_mib=6557.9019 mem/reserved_mib=7754.0000
20:01:14 INFO    qar.training.trainer | step   6200 | loss=2.6129 nce=2.6129 acc=0.2898 grad_norm=2.6644 lr=0.0002 steps_per_s=2.0415 mem/alloc_mib=6557.9019 mem/reserved_mib=7754.0000
20:02:02 INFO    qar.training.trainer | step   6300 | loss=2.5894 nce=2.5894 acc=0.2938 grad_norm=2.7197 lr=0.0002 steps_per_s=2.0528 mem/alloc_mib=6557.9019 mem/reserved_mib=7754.0000
20:02:51 INFO    qar.training.trainer | step   6400 | loss=2.5782 nce=2.5782 acc=0.3067 grad_norm=2.7202 lr=0.0001 steps_per_s=2.0422 mem/alloc_mib=6557.9019 mem/reserved_mib=7754.0000
20:03:40 INFO    qar.training.trainer | step   6500 | loss=2.5675 nce=2.5675 acc=0.3022 grad_norm=2.7149 lr=0.0001 steps_per_s=2.0501 mem/alloc_mib=6557.9019 mem/reserved_mib=7754.0000
20:04:29 INFO    qar.training.trainer | step   6600 | loss=2.5791 nce=2.5791 acc=0.3010 grad_norm=2.7026 lr=0.0001 steps_per_s=2.0367 mem/alloc_mib=6557.9019 mem/reserved_mib=7754.0000
20:05:18 INFO    qar.training.trainer | step   6700 | loss=2.5749 nce=2.5749 acc=0.2948 grad_norm=2.6782 lr=0.0001 steps_per_s=2.0583 mem/alloc_mib=6557.9019 mem/reserved_mib=7754.0000
20:06:07 INFO    qar.training.trainer | step   6800 | loss=2.5529 nce=2.5529 acc=0.3068 grad_norm=2.7069 lr=0.0001 steps_per_s=2.0554 mem/alloc_mib=6557.9019 mem/reserved_mib=7754.0000
20:06:55 INFO    qar.training.trainer | step   6900 | loss=2.5358 nce=2.5358 acc=0.3052 grad_norm=2.6865 lr=0.0001 steps_per_s=2.0569 mem/alloc_mib=6557.9019 mem/reserved_mib=7754.0000
20:07:43 INFO    qar.training.trainer | step   7000 | loss=2.5433 nce=2.5433 acc=0.3054 grad_norm=2.6916 lr=0.0001 steps_per_s=2.0748 mem/alloc_mib=6557.9019 mem/reserved_mib=7754.0000
20:07:47 INFO    qar.training.trainer | step   7000 | EVAL val/loss=2.7360 val/mrr=0.4348 val/recall@1=0.2600 val/recall@5=0.6636 val/recall@10=0.7849 val/mean_rank=9.3503
20:07:48 INFO    qar.training.trainer | new best val/recall@1=0.2600
20:08:36 INFO    qar.training.trainer | step   7100 | loss=2.5368 nce=2.5368 acc=0.3041 grad_norm=2.7078 lr=0.0001 steps_per_s=1.8927 mem/alloc_mib=6557.9019 mem/reserved_mib=7754.0000
20:09:25 INFO    qar.training.trainer | step   7200 | loss=2.5661 nce=2.5661 acc=0.3063 grad_norm=2.6907 lr=0.0001 steps_per_s=2.0591 mem/alloc_mib=6557.9019 mem/reserved_mib=7754.0000
20:10:13 INFO    qar.training.trainer | step   7300 | loss=2.5224 nce=2.5224 acc=0.3074 grad_norm=2.7017 lr=0.0001 steps_per_s=2.0776 mem/alloc_mib=6557.9019 mem/reserved_mib=7754.0000
20:11:02 INFO    qar.training.trainer | step   7400 | loss=2.5284 nce=2.5284 acc=0.2996 grad_norm=2.7050 lr=0.0001 steps_per_s=2.0559 mem/alloc_mib=6557.9019 mem/reserved_mib=7754.0000
20:11:49 INFO    qar.training.trainer | step   7500 | loss=2.5347 nce=2.5347 acc=0.3042 grad_norm=2.6860 lr=0.0001 steps_per_s=2.0910 mem/alloc_mib=6557.9019 mem/reserved_mib=7754.0000
20:12:38 INFO    qar.training.trainer | step   7600 | loss=2.5429 nce=2.5429 acc=0.3005 grad_norm=2.7029 lr=0.0001 steps_per_s=2.0551 mem/alloc_mib=6557.9019 mem/reserved_mib=7754.0000
20:13:28 INFO    qar.training.trainer | step   7700 | loss=2.5445 nce=2.5445 acc=0.3021 grad_norm=2.7062 lr=0.0001 steps_per_s=1.9865 mem/alloc_mib=6557.9019 mem/reserved_mib=7754.0000
20:14:18 INFO    qar.training.trainer | step   7800 | loss=2.5086 nce=2.5086 acc=0.3100 grad_norm=2.7033 lr=0.0001 steps_per_s=2.0238 mem/alloc_mib=6557.9019 mem/reserved_mib=7754.0000
20:15:07 INFO    qar.training.trainer | step   7900 | loss=2.5084 nce=2.5084 acc=0.3136 grad_norm=2.7070 lr=0.0001 steps_per_s=2.0483 mem/alloc_mib=6557.9019 mem/reserved_mib=7754.0000
20:15:56 INFO    qar.training.trainer | step   8000 | loss=2.5316 nce=2.5316 acc=0.3034 grad_norm=2.6980 lr=0.0001 steps_per_s=2.0110 mem/alloc_mib=6557.9019 mem/reserved_mib=7754.0000
20:16:00 INFO    qar.training.trainer | step   8000 | EVAL val/loss=2.6855 val/mrr=0.4444 val/recall@1=0.2673 val/recall@5=0.6716 val/recall@10=0.7905 val/mean_rank=9.0850
20:16:01 INFO    qar.training.trainer | new best val/recall@1=0.2673
20:16:50 INFO    qar.training.trainer | step   8100 | loss=2.5080 nce=2.5080 acc=0.3046 grad_norm=2.6722 lr=0.0001 steps_per_s=1.8808 mem/alloc_mib=6557.9019 mem/reserved_mib=7754.0000
20:17:38 INFO    qar.training.trainer | step   8200 | loss=2.5194 nce=2.5194 acc=0.3069 grad_norm=2.6924 lr=0.0001 steps_per_s=2.0536 mem/alloc_mib=6557.9019 mem/reserved_mib=7754.0000
20:18:27 INFO    qar.training.trainer | step   8300 | loss=2.5001 nce=2.5001 acc=0.3084 grad_norm=2.6995 lr=0.0001 steps_per_s=2.0547 mem/alloc_mib=6557.9019 mem/reserved_mib=7754.0000
20:19:15 INFO    qar.training.trainer | step   8400 | loss=2.5303 nce=2.5303 acc=0.3054 grad_norm=2.6926 lr=0.0001 steps_per_s=2.0652 mem/alloc_mib=6557.9019 mem/reserved_mib=7754.0000
20:20:04 INFO    qar.training.trainer | step   8500 | loss=2.4993 nce=2.4993 acc=0.3063 grad_norm=2.7003 lr=0.0001 steps_per_s=2.0700 mem/alloc_mib=6557.9019 mem/reserved_mib=7754.0000
20:20:52 INFO    qar.training.trainer | step   8600 | loss=2.5026 nce=2.5026 acc=0.3070 grad_norm=2.6913 lr=0.0001 steps_per_s=2.0669 mem/alloc_mib=6557.9019 mem/reserved_mib=7754.0000
20:21:40 INFO    qar.training.trainer | step   8700 | loss=2.4750 nce=2.4750 acc=0.3102 grad_norm=2.7284 lr=0.0001 steps_per_s=2.0670 mem/alloc_mib=6557.9019 mem/reserved_mib=7754.0000
20:22:28 INFO    qar.training.trainer | step   8800 | loss=2.4948 nce=2.4948 acc=0.3109 grad_norm=2.6632 lr=0.0001 steps_per_s=2.0851 mem/alloc_mib=6557.9019 mem/reserved_mib=7754.0000
20:23:16 INFO    qar.training.trainer | step   8900 | loss=2.5024 nce=2.5024 acc=0.3070 grad_norm=2.6844 lr=0.0001 steps_per_s=2.1014 mem/alloc_mib=6557.9019 mem/reserved_mib=7754.0000
20:24:04 INFO    qar.training.trainer | step   9000 | loss=2.4993 nce=2.4993 acc=0.3120 grad_norm=2.7094 lr=0.0000 steps_per_s=2.0618 mem/alloc_mib=6557.9019 mem/reserved_mib=7754.0000
20:24:08 INFO    qar.training.trainer | step   9000 | EVAL val/loss=2.6499 val/mrr=0.4530 val/recall@1=0.2803 val/recall@5=0.6780 val/recall@10=0.7942 val/mean_rank=8.8308
20:24:09 INFO    qar.training.trainer | new best val/recall@1=0.2803
20:24:57 INFO    qar.training.trainer | step   9100 | loss=2.4792 nce=2.4792 acc=0.3162 grad_norm=2.7100 lr=0.0000 steps_per_s=1.9142 mem/alloc_mib=6557.9019 mem/reserved_mib=7754.0000
20:25:44 INFO    qar.training.trainer | step   9200 | loss=2.4620 nce=2.4620 acc=0.3173 grad_norm=2.7020 lr=0.0000 steps_per_s=2.1157 mem/alloc_mib=6557.9019 mem/reserved_mib=7754.0000
20:26:32 INFO    qar.training.trainer | step   9300 | loss=2.4691 nce=2.4691 acc=0.3141 grad_norm=2.6977 lr=0.0000 steps_per_s=2.0746 mem/alloc_mib=6557.9019 mem/reserved_mib=7754.0000
20:27:20 INFO    qar.training.trainer | step   9400 | loss=2.4685 nce=2.4685 acc=0.3130 grad_norm=2.7119 lr=0.0000 steps_per_s=2.0785 mem/alloc_mib=6557.9019 mem/reserved_mib=7754.0000
20:28:08 INFO    qar.training.trainer | step   9500 | loss=2.4920 nce=2.4920 acc=0.3104 grad_norm=2.6950 lr=0.0000 steps_per_s=2.1069 mem/alloc_mib=6557.9019 mem/reserved_mib=7754.0000
20:28:57 INFO    qar.training.trainer | step   9600 | loss=2.4575 nce=2.4575 acc=0.3168 grad_norm=2.7165 lr=0.0000 steps_per_s=2.0290 mem/alloc_mib=6557.9019 mem/reserved_mib=7754.0000
20:29:45 INFO    qar.training.trainer | step   9700 | loss=2.4355 nce=2.4355 acc=0.3198 grad_norm=2.7082 lr=0.0000 steps_per_s=2.0695 mem/alloc_mib=6557.9019 mem/reserved_mib=7754.0000
20:30:35 INFO    qar.training.trainer | step   9800 | loss=2.4692 nce=2.4692 acc=0.3134 grad_norm=2.7338 lr=0.0000 steps_per_s=2.0282 mem/alloc_mib=6557.9019 mem/reserved_mib=7754.0000
20:31:24 INFO    qar.training.trainer | step   9900 | loss=2.4616 nce=2.4616 acc=0.3123 grad_norm=2.7232 lr=0.0000 steps_per_s=2.0174 mem/alloc_mib=6557.9019 mem/reserved_mib=7754.0000
20:32:13 INFO    qar.training.trainer | step  10000 | loss=2.4483 nce=2.4483 acc=0.3195 grad_norm=2.7042 lr=0.0000 steps_per_s=2.0583 mem/alloc_mib=6557.9019 mem/reserved_mib=7754.0000
20:32:16 INFO    qar.training.trainer | step  10000 | EVAL val/loss=2.6267 val/mrr=0.4569 val/recall@1=0.2830 val/recall@5=0.6855 val/recall@10=0.8018 val/mean_rank=8.5671
20:32:17 INFO    qar.training.trainer | new best val/recall@1=0.2830
20:33:06 INFO    qar.training.trainer | step  10100 | loss=2.4776 nce=2.4776 acc=0.3114 grad_norm=2.7222 lr=0.0000 steps_per_s=1.8887 mem/alloc_mib=6557.9019 mem/reserved_mib=7754.0000
20:33:56 INFO    qar.training.trainer | step  10200 | loss=2.4552 nce=2.4552 acc=0.3204 grad_norm=2.7510 lr=0.0000 steps_per_s=1.9985 mem/alloc_mib=6557.9019 mem/reserved_mib=7754.0000
20:34:44 INFO    qar.training.trainer | step  10300 | loss=2.4565 nce=2.4565 acc=0.3219 grad_norm=2.7262 lr=0.0000 steps_per_s=2.0538 mem/alloc_mib=6557.9019 mem/reserved_mib=7754.0000
20:35:32 INFO    qar.training.trainer | step  10400 | loss=2.4482 nce=2.4482 acc=0.3171 grad_norm=2.6986 lr=0.0000 steps_per_s=2.0947 mem/alloc_mib=6557.9019 mem/reserved_mib=7754.0000
20:36:20 INFO    qar.training.trainer | step  10500 | loss=2.4582 nce=2.4582 acc=0.3162 grad_norm=2.6988 lr=0.0000 steps_per_s=2.1066 mem/alloc_mib=6557.9019 mem/reserved_mib=7754.0000
20:37:07 INFO    qar.training.trainer | step  10600 | loss=2.4304 nce=2.4304 acc=0.3207 grad_norm=2.7022 lr=0.0000 steps_per_s=2.0991 mem/alloc_mib=6557.9019 mem/reserved_mib=7754.0000
20:37:56 INFO    qar.training.trainer | step  10700 | loss=2.4663 nce=2.4663 acc=0.3146 grad_norm=2.7332 lr=0.0000 steps_per_s=2.0731 mem/alloc_mib=6557.9019 mem/reserved_mib=7754.0000
20:38:44 INFO    qar.training.trainer | step  10800 | loss=2.4519 nce=2.4519 acc=0.3247 grad_norm=2.7152 lr=0.0000 steps_per_s=2.0675 mem/alloc_mib=6557.9019 mem/reserved_mib=7754.0000
20:39:33 INFO    qar.training.trainer | step  10900 | loss=2.4666 nce=2.4666 acc=0.3202 grad_norm=2.7100 lr=0.0000 steps_per_s=2.0284 mem/alloc_mib=6557.9019 mem/reserved_mib=7754.0000
20:40:23 INFO    qar.training.trainer | step  11000 | loss=2.4547 nce=2.4547 acc=0.3182 grad_norm=2.6966 lr=0.0000 steps_per_s=2.0188 mem/alloc_mib=6557.9019 mem/reserved_mib=7754.0000
20:40:26 INFO    qar.training.trainer | step  11000 | EVAL val/loss=2.6102 val/mrr=0.4582 val/recall@1=0.2798 val/recall@5=0.6855 val/recall@10=0.8047 val/mean_rank=8.4919
20:41:15 INFO    qar.training.trainer | step  11100 | loss=2.2566 nce=2.2566 acc=0.3615 grad_norm=2.6432 lr=0.0000 steps_per_s=1.9093 mem/alloc_mib=6557.9019 mem/reserved_mib=7754.0000
20:42:04 INFO    qar.training.trainer | step  11200 | loss=2.2735 nce=2.2735 acc=0.3648 grad_norm=2.7625 lr=0.0000 steps_per_s=2.0480 mem/alloc_mib=6557.9019 mem/reserved_mib=7754.0000
20:42:53 INFO    qar.training.trainer | step  11300 | loss=2.2597 nce=2.2597 acc=0.3613 grad_norm=2.7936 lr=0.0000 steps_per_s=2.0201 mem/alloc_mib=6557.9019 mem/reserved_mib=7754.0000
20:43:42 INFO    qar.training.trainer | step  11400 | loss=2.2927 nce=2.2927 acc=0.3553 grad_norm=2.8401 lr=0.0000 steps_per_s=2.0398 mem/alloc_mib=6557.9019 mem/reserved_mib=7754.0000
20:44:31 INFO    qar.training.trainer | step  11500 | loss=2.2577 nce=2.2577 acc=0.3691 grad_norm=2.8204 lr=0.0000 steps_per_s=2.0542 mem/alloc_mib=6557.9019 mem/reserved_mib=7754.0000
20:45:21 INFO    qar.training.trainer | step  11600 | loss=2.2747 nce=2.2747 acc=0.3598 grad_norm=2.8371 lr=0.0000 steps_per_s=2.0031 mem/alloc_mib=6557.9019 mem/reserved_mib=7754.0000
20:46:10 INFO    qar.training.trainer | step  11700 | loss=2.2577 nce=2.2577 acc=0.3643 grad_norm=2.8339 lr=0.0000 steps_per_s=2.0392 mem/alloc_mib=6557.9019 mem/reserved_mib=7754.0000
20:46:57 INFO    qar.training.trainer | step  11800 | loss=2.2555 nce=2.2555 acc=0.3555 grad_norm=2.8408 lr=0.0000 steps_per_s=2.1146 mem/alloc_mib=6557.9019 mem/reserved_mib=7754.0000
20:47:46 INFO    qar.training.trainer | step  11900 | loss=2.2603 nce=2.2603 acc=0.3636 grad_norm=2.8284 lr=0.0000 steps_per_s=2.0688 mem/alloc_mib=6557.9019 mem/reserved_mib=7754.0000
20:48:34 INFO    qar.training.trainer | step  12000 | loss=2.2649 nce=2.2649 acc=0.3595 grad_norm=2.8381 lr=0.0000 steps_per_s=2.0871 mem/alloc_mib=6557.9019 mem/reserved_mib=7754.0000
20:48:37 INFO    qar.training.trainer | step  12000 | EVAL val/loss=2.6374 val/mrr=0.4604 val/recall@1=0.2871 val/recall@5=0.6843 val/recall@10=0.8032 val/mean_rank=8.5371
20:48:38 INFO    qar.training.trainer | new best val/recall@1=0.2871
20:48:39 INFO    train | done: {'best': 0.287109375, 'steps': 12000, 'val/loss': 2.6373780965805054, 'val/mrr': 0.4604102447628975, 'val/recall@1': 0.287109375, 'val/recall@5': 0.684326171875, 'val/recall@10': 0.80322265625, 'val/mean_rank': 8.537109375}
