01:11:03 INFO    train | config: configs\retriever.yaml + ['name=retriever_b128_hn1', 'data.batch_size=128', 'loss.hard_negatives=1', 'train.max_steps=20000']
01:11:08 INFO    qar.training.trainer | run 'retriever_b128_hn1' | device=cuda (NVIDIA GeForce RTX 5060 Laptop GPU, 8.0 GiB, sm_120) amp=bfloat16
01:11:08 INFO    qar.training.trainer | trainable parameters: 45.97M
01:11:08 INFO    qar.tasks.retriever | dedup sampler on: 704201 rows, 638306 distinct questions
01:11:33 INFO    qar.training.trainer | step    100 | loss=4.9222 nce=4.9222 acc=0.0105 grad_norm=3.2255 lr=0.0000 steps_per_s=3.9663 mem/alloc_mib=4553.0298 mem/reserved_mib=5470.0000
01:11:58 INFO    qar.training.trainer | step    200 | loss=4.7950 nce=4.7950 acc=0.0166 grad_norm=1.7530 lr=0.0001 steps_per_s=4.1141 mem/alloc_mib=4765.5044 mem/reserved_mib=5998.0000
01:12:22 INFO    qar.training.trainer | step    300 | loss=4.7135 nce=4.7135 acc=0.0263 grad_norm=2.3729 lr=0.0001 steps_per_s=4.1095 mem/alloc_mib=4765.5044 mem/reserved_mib=5998.0000
01:12:46 INFO    qar.training.trainer | step    400 | loss=4.5997 nce=4.5997 acc=0.0360 grad_norm=3.2072 lr=0.0001 steps_per_s=4.1214 mem/alloc_mib=4765.5044 mem/reserved_mib=5998.0000
01:13:11 INFO    qar.training.trainer | step    500 | loss=4.4919 nce=4.4919 acc=0.0470 grad_norm=4.1033 lr=0.0001 steps_per_s=4.0990 mem/alloc_mib=4765.5044 mem/reserved_mib=5998.0000
01:13:35 INFO    qar.training.trainer | step    600 | loss=4.3500 nce=4.3500 acc=0.0580 grad_norm=4.2898 lr=0.0002 steps_per_s=4.1299 mem/alloc_mib=4765.5044 mem/reserved_mib=5998.0000
01:13:59 INFO    qar.training.trainer | step    700 | loss=4.2339 nce=4.2339 acc=0.0710 grad_norm=4.2769 lr=0.0002 steps_per_s=4.1274 mem/alloc_mib=4765.5044 mem/reserved_mib=5998.0000
01:14:23 INFO    qar.training.trainer | step    800 | loss=4.1314 nce=4.1314 acc=0.0862 grad_norm=4.2190 lr=0.0002 steps_per_s=4.1675 mem/alloc_mib=4765.5044 mem/reserved_mib=5998.0000
01:14:47 INFO    qar.training.trainer | step    900 | loss=3.9767 nce=3.9767 acc=0.0996 grad_norm=4.1386 lr=0.0002 steps_per_s=4.1916 mem/alloc_mib=4765.5044 mem/reserved_mib=5998.0000
01:15:11 INFO    qar.training.trainer | step   1000 | loss=3.8829 nce=3.8829 acc=0.1153 grad_norm=4.2111 lr=0.0003 steps_per_s=4.1946 mem/alloc_mib=4765.5044 mem/reserved_mib=5998.0000
01:15:13 INFO    qar.training.trainer | step   1000 | EVAL val/loss=3.7538 val/mrr=0.2539 val/recall@1=0.1270 val/recall@5=0.3777 val/recall@10=0.5164 val/mean_rank=21.0063
01:15:14 INFO    qar.training.trainer | new best val/recall@1=0.1270
01:15:38 INFO    qar.training.trainer | step   1100 | loss=3.7739 nce=3.7739 acc=0.1336 grad_norm=4.0930 lr=0.0003 steps_per_s=3.6770 mem/alloc_mib=4765.5044 mem/reserved_mib=5998.0000
01:16:02 INFO    qar.training.trainer | step   1200 | loss=3.6695 nce=3.6695 acc=0.1495 grad_norm=3.9992 lr=0.0003 steps_per_s=4.2225 mem/alloc_mib=4765.5044 mem/reserved_mib=5998.0000
01:16:25 INFO    qar.training.trainer | step   1300 | loss=3.5972 nce=3.5972 acc=0.1585 grad_norm=3.8405 lr=0.0003 steps_per_s=4.2441 mem/alloc_mib=4765.5044 mem/reserved_mib=5998.0000
01:16:49 INFO    qar.training.trainer | step   1400 | loss=3.5046 nce=3.5046 acc=0.1692 grad_norm=3.7819 lr=0.0003 steps_per_s=4.2697 mem/alloc_mib=4765.5044 mem/reserved_mib=5998.0000
01:17:12 INFO    qar.training.trainer | step   1500 | loss=3.4650 nce=3.4650 acc=0.1758 grad_norm=3.6752 lr=0.0003 steps_per_s=4.2701 mem/alloc_mib=4765.5044 mem/reserved_mib=5998.0000
01:17:35 INFO    qar.training.trainer | step   1600 | loss=3.3620 nce=3.3620 acc=0.1852 grad_norm=3.6492 lr=0.0003 steps_per_s=4.2834 mem/alloc_mib=4765.5044 mem/reserved_mib=5998.0000
01:17:59 INFO    qar.training.trainer | step   1700 | loss=3.3308 nce=3.3308 acc=0.1948 grad_norm=3.5326 lr=0.0003 steps_per_s=4.3114 mem/alloc_mib=4765.5044 mem/reserved_mib=5998.0000
01:18:22 INFO    qar.training.trainer | step   1800 | loss=3.3133 nce=3.3133 acc=0.1949 grad_norm=3.3925 lr=0.0003 steps_per_s=4.3019 mem/alloc_mib=4765.5044 mem/reserved_mib=5998.0000
01:18:45 INFO    qar.training.trainer | step   1900 | loss=3.2445 nce=3.2445 acc=0.2116 grad_norm=3.3498 lr=0.0003 steps_per_s=4.3132 mem/alloc_mib=4765.5044 mem/reserved_mib=5998.0000
01:19:09 INFO    qar.training.trainer | step   2000 | loss=3.2255 nce=3.2255 acc=0.2159 grad_norm=3.3101 lr=0.0003 steps_per_s=4.2491 mem/alloc_mib=4765.5044 mem/reserved_mib=5998.0000
01:19:12 INFO    qar.training.trainer | step   2000 | EVAL val/loss=3.1446 val/mrr=0.3713 val/recall@1=0.2200 val/recall@5=0.5381 val/recall@10=0.6687 val/mean_rank=13.5642
01:19:13 INFO    qar.training.trainer | new best val/recall@1=0.2200
01:19:39 INFO    qar.training.trainer | step   2100 | loss=3.2258 nce=3.2258 acc=0.2043 grad_norm=3.2191 lr=0.0003 steps_per_s=3.3243 mem/alloc_mib=4765.5044 mem/reserved_mib=5998.0000
01:20:02 INFO    qar.training.trainer | step   2200 | loss=3.1419 nce=3.1419 acc=0.2276 grad_norm=3.1790 lr=0.0003 steps_per_s=4.2224 mem/alloc_mib=4765.5044 mem/reserved_mib=6000.0000
01:20:26 INFO    qar.training.trainer | step   2300 | loss=3.1336 nce=3.1336 acc=0.2264 grad_norm=3.1632 lr=0.0003 steps_per_s=4.2113 mem/alloc_mib=4765.5044 mem/reserved_mib=6000.0000
01:20:50 INFO    qar.training.trainer | step   2400 | loss=3.1071 nce=3.1071 acc=0.2317 grad_norm=3.1072 lr=0.0003 steps_per_s=4.1917 mem/alloc_mib=4765.5044 mem/reserved_mib=6000.0000
01:21:14 INFO    qar.training.trainer | step   2500 | loss=3.0853 nce=3.0853 acc=0.2327 grad_norm=3.0791 lr=0.0003 steps_per_s=4.2241 mem/alloc_mib=4765.5044 mem/reserved_mib=6000.0000
01:21:37 INFO    qar.training.trainer | step   2600 | loss=3.0215 nce=3.0215 acc=0.2436 grad_norm=3.0397 lr=0.0003 steps_per_s=4.2972 mem/alloc_mib=4765.5044 mem/reserved_mib=6000.0000
01:22:00 INFO    qar.training.trainer | step   2700 | loss=3.0235 nce=3.0235 acc=0.2409 grad_norm=3.0877 lr=0.0003 steps_per_s=4.2707 mem/alloc_mib=4765.5044 mem/reserved_mib=6000.0000
01:22:24 INFO    qar.training.trainer | step   2800 | loss=3.0411 nce=3.0411 acc=0.2393 grad_norm=3.0251 lr=0.0003 steps_per_s=4.2388 mem/alloc_mib=4765.5044 mem/reserved_mib=6000.0000
01:22:47 INFO    qar.training.trainer | step   2900 | loss=3.0047 nce=3.0047 acc=0.2458 grad_norm=2.9621 lr=0.0003 steps_per_s=4.3242 mem/alloc_mib=4765.5044 mem/reserved_mib=6000.0000
01:23:10 INFO    qar.training.trainer | step   3000 | loss=2.9528 nce=2.9528 acc=0.2598 grad_norm=2.9349 lr=0.0003 steps_per_s=4.3221 mem/alloc_mib=4778.5024 mem/reserved_mib=6000.0000
01:23:13 INFO    qar.training.trainer | step   3000 | EVAL val/loss=2.9006 val/mrr=0.4178 val/recall@1=0.2576 val/recall@5=0.6064 val/recall@10=0.7261 val/mean_rank=11.5200
01:23:14 INFO    qar.training.trainer | new best val/recall@1=0.2576
01:23:37 INFO    qar.training.trainer | step   3100 | loss=2.9378 nce=2.9378 acc=0.2561 grad_norm=2.9089 lr=0.0003 steps_per_s=3.7631 mem/alloc_mib=4778.5024 mem/reserved_mib=6000.0000
01:24:00 INFO    qar.training.trainer | step   3200 | loss=2.8995 nce=2.8995 acc=0.2581 grad_norm=2.9002 lr=0.0003 steps_per_s=4.3667 mem/alloc_mib=4778.5024 mem/reserved_mib=6000.0000
01:24:23 INFO    qar.training.trainer | step   3300 | loss=2.8802 nce=2.8802 acc=0.2690 grad_norm=2.9371 lr=0.0003 steps_per_s=4.3417 mem/alloc_mib=4778.5024 mem/reserved_mib=6000.0000
01:24:45 INFO    qar.training.trainer | step   3400 | loss=2.8586 nce=2.8586 acc=0.2603 grad_norm=2.8979 lr=0.0003 steps_per_s=4.3739 mem/alloc_mib=4778.5024 mem/reserved_mib=6000.0000
01:25:08 INFO    qar.training.trainer | step   3500 | loss=2.8729 nce=2.8729 acc=0.2642 grad_norm=2.8373 lr=0.0003 steps_per_s=4.4671 mem/alloc_mib=4778.5024 mem/reserved_mib=6000.0000
01:25:30 INFO    qar.training.trainer | step   3600 | loss=2.8493 nce=2.8493 acc=0.2676 grad_norm=2.7896 lr=0.0003 steps_per_s=4.4234 mem/alloc_mib=4778.5024 mem/reserved_mib=6000.0000
01:25:53 INFO    qar.training.trainer | step   3700 | loss=2.8471 nce=2.8471 acc=0.2685 grad_norm=2.8082 lr=0.0003 steps_per_s=4.4092 mem/alloc_mib=4778.5024 mem/reserved_mib=6000.0000
01:26:16 INFO    qar.training.trainer | step   3800 | loss=2.8245 nce=2.8245 acc=0.2716 grad_norm=2.8004 lr=0.0003 steps_per_s=4.3862 mem/alloc_mib=4778.5024 mem/reserved_mib=6000.0000
01:26:38 INFO    qar.training.trainer | step   3900 | loss=2.8209 nce=2.8209 acc=0.2782 grad_norm=2.7498 lr=0.0003 steps_per_s=4.5184 mem/alloc_mib=4778.5024 mem/reserved_mib=6000.0000
01:27:01 INFO    qar.training.trainer | step   4000 | loss=2.7904 nce=2.7904 acc=0.2777 grad_norm=2.7312 lr=0.0003 steps_per_s=4.3665 mem/alloc_mib=4778.5024 mem/reserved_mib=6000.0000
01:27:04 INFO    qar.training.trainer | step   4000 | EVAL val/loss=2.7576 val/mrr=0.4461 val/recall@1=0.2808 val/recall@5=0.6433 val/recall@10=0.7581 val/mean_rank=10.3147
01:27:04 INFO    qar.training.trainer | new best val/recall@1=0.2808
01:27:27 INFO    qar.training.trainer | step   4100 | loss=2.7706 nce=2.7706 acc=0.2823 grad_norm=2.7264 lr=0.0003 steps_per_s=3.7729 mem/alloc_mib=4778.5024 mem/reserved_mib=6000.0000
01:27:50 INFO    qar.training.trainer | step   4200 | loss=2.7826 nce=2.7826 acc=0.2745 grad_norm=2.6842 lr=0.0003 steps_per_s=4.4535 mem/alloc_mib=4796.4233 mem/reserved_mib=6000.0000
01:28:12 INFO    qar.training.trainer | step   4300 | loss=2.7614 nce=2.7614 acc=0.2823 grad_norm=2.6795 lr=0.0003 steps_per_s=4.4737 mem/alloc_mib=4796.4233 mem/reserved_mib=6000.0000
01:28:35 INFO    qar.training.trainer | step   4400 | loss=2.7736 nce=2.7736 acc=0.2848 grad_norm=2.6942 lr=0.0003 steps_per_s=4.4974 mem/alloc_mib=4796.4233 mem/reserved_mib=6000.0000
01:28:57 INFO    qar.training.trainer | step   4500 | loss=2.7628 nce=2.7628 acc=0.2848 grad_norm=2.6614 lr=0.0003 steps_per_s=4.5095 mem/alloc_mib=4796.4233 mem/reserved_mib=6000.0000
01:29:19 INFO    qar.training.trainer | step   4600 | loss=2.7245 nce=2.7245 acc=0.2936 grad_norm=2.6399 lr=0.0003 steps_per_s=4.5007 mem/alloc_mib=4796.4233 mem/reserved_mib=6000.0000
01:29:41 INFO    qar.training.trainer | step   4700 | loss=2.7133 nce=2.7133 acc=0.2954 grad_norm=2.6401 lr=0.0003 steps_per_s=4.5331 mem/alloc_mib=4796.4233 mem/reserved_mib=6000.0000
01:30:03 INFO    qar.training.trainer | step   4800 | loss=2.7449 nce=2.7449 acc=0.2848 grad_norm=2.6188 lr=0.0003 steps_per_s=4.5234 mem/alloc_mib=4796.4233 mem/reserved_mib=6000.0000
01:30:26 INFO    qar.training.trainer | step   4900 | loss=2.7030 nce=2.7030 acc=0.2893 grad_norm=2.5979 lr=0.0003 steps_per_s=4.4430 mem/alloc_mib=4796.4233 mem/reserved_mib=6000.0000
01:30:48 INFO    qar.training.trainer | step   5000 | loss=2.6955 nce=2.6955 acc=0.2938 grad_norm=2.5971 lr=0.0003 steps_per_s=4.4085 mem/alloc_mib=4796.4233 mem/reserved_mib=6000.0000
01:30:51 INFO    qar.training.trainer | step   5000 | EVAL val/loss=2.6456 val/mrr=0.4656 val/recall@1=0.2983 val/recall@5=0.6682 val/recall@10=0.7849 val/mean_rank=9.5674
01:30:52 INFO    qar.training.trainer | new best val/recall@1=0.2983
01:31:15 INFO    qar.training.trainer | step   5100 | loss=2.6941 nce=2.6941 acc=0.2942 grad_norm=2.5513 lr=0.0003 steps_per_s=3.7814 mem/alloc_mib=4796.4233 mem/reserved_mib=6000.0000
01:31:37 INFO    qar.training.trainer | step   5200 | loss=2.6702 nce=2.6702 acc=0.3016 grad_norm=2.5790 lr=0.0003 steps_per_s=4.4325 mem/alloc_mib=4796.4233 mem/reserved_mib=6000.0000
01:32:00 INFO    qar.training.trainer | step   5300 | loss=2.6611 nce=2.6611 acc=0.2955 grad_norm=2.5483 lr=0.0003 steps_per_s=4.4321 mem/alloc_mib=4796.4233 mem/reserved_mib=6000.0000
01:32:22 INFO    qar.training.trainer | step   5400 | loss=2.6822 nce=2.6822 acc=0.2940 grad_norm=2.5355 lr=0.0003 steps_per_s=4.4643 mem/alloc_mib=4830.4956 mem/reserved_mib=6000.0000
01:32:45 INFO    qar.training.trainer | step   5500 | loss=2.6652 nce=2.6652 acc=0.2991 grad_norm=2.5355 lr=0.0003 steps_per_s=4.4249 mem/alloc_mib=4830.4956 mem/reserved_mib=6000.0000
01:33:07 INFO    qar.training.trainer | step   5600 | loss=2.4455 nce=2.4455 acc=0.3402 grad_norm=2.6920 lr=0.0003 steps_per_s=4.4564 mem/alloc_mib=4830.4956 mem/reserved_mib=6000.0000
01:33:30 INFO    qar.training.trainer | step   5700 | loss=2.4090 nce=2.4090 acc=0.3534 grad_norm=2.7555 lr=0.0003 steps_per_s=4.4746 mem/alloc_mib=4830.4956 mem/reserved_mib=6000.0000
01:33:52 INFO    qar.training.trainer | step   5800 | loss=2.4290 nce=2.4290 acc=0.3427 grad_norm=2.7401 lr=0.0003 steps_per_s=4.5408 mem/alloc_mib=4830.4956 mem/reserved_mib=6000.0000
01:34:14 INFO    qar.training.trainer | step   5900 | loss=2.4244 nce=2.4244 acc=0.3510 grad_norm=2.7632 lr=0.0003 steps_per_s=4.5653 mem/alloc_mib=4830.4956 mem/reserved_mib=6000.0000
01:34:36 INFO    qar.training.trainer | step   6000 | loss=2.4302 nce=2.4302 acc=0.3422 grad_norm=2.7437 lr=0.0003 steps_per_s=4.5251 mem/alloc_mib=4830.4956 mem/reserved_mib=6000.0000
01:34:38 INFO    qar.training.trainer | step   6000 | EVAL val/loss=2.6191 val/mrr=0.4743 val/recall@1=0.3064 val/recall@5=0.6741 val/recall@10=0.7817 val/mean_rank=9.2581
01:34:39 INFO    qar.training.trainer | new best val/recall@1=0.3064
01:35:01 INFO    qar.training.trainer | step   6100 | loss=2.4544 nce=2.4544 acc=0.3388 grad_norm=2.7271 lr=0.0003 steps_per_s=3.8958 mem/alloc_mib=4830.4956 mem/reserved_mib=6000.0000
01:35:23 INFO    qar.training.trainer | step   6200 | loss=2.4553 nce=2.4553 acc=0.3433 grad_norm=2.7064 lr=0.0003 steps_per_s=4.6022 mem/alloc_mib=4830.4956 mem/reserved_mib=6000.0000
01:35:45 INFO    qar.training.trainer | step   6300 | loss=2.4419 nce=2.4419 acc=0.3415 grad_norm=2.7585 lr=0.0002 steps_per_s=4.6138 mem/alloc_mib=4830.4956 mem/reserved_mib=6000.0000
01:36:07 INFO    qar.training.trainer | step   6400 | loss=2.4360 nce=2.4360 acc=0.3433 grad_norm=2.7548 lr=0.0002 steps_per_s=4.5525 mem/alloc_mib=4830.4956 mem/reserved_mib=6000.0000
01:36:29 INFO    qar.training.trainer | step   6500 | loss=2.4254 nce=2.4254 acc=0.3487 grad_norm=2.7045 lr=0.0002 steps_per_s=4.5381 mem/alloc_mib=4830.4956 mem/reserved_mib=6000.0000
01:36:50 INFO    qar.training.trainer | step   6600 | loss=2.4280 nce=2.4280 acc=0.3451 grad_norm=2.7021 lr=0.0002 steps_per_s=4.6340 mem/alloc_mib=4830.4956 mem/reserved_mib=6000.0000
01:37:12 INFO    qar.training.trainer | step   6700 | loss=2.4232 nce=2.4232 acc=0.3420 grad_norm=2.6966 lr=0.0002 steps_per_s=4.5792 mem/alloc_mib=4830.4956 mem/reserved_mib=6000.0000
01:37:34 INFO    qar.training.trainer | step   6800 | loss=2.4122 nce=2.4122 acc=0.3497 grad_norm=2.7068 lr=0.0002 steps_per_s=4.6216 mem/alloc_mib=4830.4956 mem/reserved_mib=6000.0000
01:37:56 INFO    qar.training.trainer | step   6900 | loss=2.3983 nce=2.3983 acc=0.3476 grad_norm=2.6886 lr=0.0002 steps_per_s=4.6009 mem/alloc_mib=4830.4956 mem/reserved_mib=6000.0000
01:38:17 INFO    qar.training.trainer | step   7000 | loss=2.4001 nce=2.4001 acc=0.3483 grad_norm=2.6545 lr=0.0002 steps_per_s=4.5818 mem/alloc_mib=4830.4956 mem/reserved_mib=6000.0000
01:38:20 INFO    qar.training.trainer | step   7000 | EVAL val/loss=2.5764 val/mrr=0.4801 val/recall@1=0.3125 val/recall@5=0.6858 val/recall@10=0.7920 val/mean_rank=8.8203
01:38:20 INFO    qar.training.trainer | new best val/recall@1=0.3125
01:38:42 INFO    qar.training.trainer | step   7100 | loss=2.3995 nce=2.3995 acc=0.3495 grad_norm=2.6830 lr=0.0002 steps_per_s=4.0286 mem/alloc_mib=4830.4956 mem/reserved_mib=6000.0000
01:39:04 INFO    qar.training.trainer | step   7200 | loss=2.4349 nce=2.4349 acc=0.3491 grad_norm=2.6337 lr=0.0002 steps_per_s=4.6205 mem/alloc_mib=4830.4956 mem/reserved_mib=6000.0000
01:39:26 INFO    qar.training.trainer | step   7300 | loss=2.3815 nce=2.3815 acc=0.3546 grad_norm=2.6443 lr=0.0002 steps_per_s=4.5677 mem/alloc_mib=4830.4956 mem/reserved_mib=6000.0000
01:39:47 INFO    qar.training.trainer | step   7400 | loss=2.3810 nce=2.3810 acc=0.3535 grad_norm=2.6475 lr=0.0002 steps_per_s=4.6025 mem/alloc_mib=4830.4956 mem/reserved_mib=6000.0000
01:40:09 INFO    qar.training.trainer | step   7500 | loss=2.3882 nce=2.3882 acc=0.3548 grad_norm=2.6359 lr=0.0002 steps_per_s=4.6051 mem/alloc_mib=4830.4956 mem/reserved_mib=6000.0000
01:40:31 INFO    qar.training.trainer | step   7600 | loss=2.3956 nce=2.3956 acc=0.3487 grad_norm=2.6460 lr=0.0002 steps_per_s=4.5826 mem/alloc_mib=4830.4956 mem/reserved_mib=6000.0000
01:40:53 INFO    qar.training.trainer | step   7700 | loss=2.4151 nce=2.4151 acc=0.3430 grad_norm=2.6020 lr=0.0002 steps_per_s=4.5718 mem/alloc_mib=4830.4956 mem/reserved_mib=6000.0000
01:41:15 INFO    qar.training.trainer | step   7800 | loss=2.3743 nce=2.3743 acc=0.3514 grad_norm=2.6132 lr=0.0002 steps_per_s=4.5936 mem/alloc_mib=4830.4956 mem/reserved_mib=6000.0000
01:41:36 INFO    qar.training.trainer | step   7900 | loss=2.3694 nce=2.3694 acc=0.3566 grad_norm=2.6250 lr=0.0002 steps_per_s=4.5999 mem/alloc_mib=4830.4956 mem/reserved_mib=6000.0000
01:41:58 INFO    qar.training.trainer | step   8000 | loss=2.4008 nce=2.4008 acc=0.3426 grad_norm=2.6117 lr=0.0002 steps_per_s=4.5873 mem/alloc_mib=4830.4956 mem/reserved_mib=6000.0000
01:42:01 INFO    qar.training.trainer | step   8000 | EVAL val/loss=2.5037 val/mrr=0.4921 val/recall@1=0.3201 val/recall@5=0.6968 val/recall@10=0.8030 val/mean_rank=8.4141
01:42:01 INFO    qar.training.trainer | new best val/recall@1=0.3201
01:42:23 INFO    qar.training.trainer | step   8100 | loss=2.3643 nce=2.3643 acc=0.3523 grad_norm=2.6092 lr=0.0002 steps_per_s=3.9849 mem/alloc_mib=4830.4956 mem/reserved_mib=6000.0000
01:42:45 INFO    qar.training.trainer | step   8200 | loss=2.3907 nce=2.3907 acc=0.3504 grad_norm=2.5813 lr=0.0002 steps_per_s=4.6266 mem/alloc_mib=4830.4956 mem/reserved_mib=6000.0000
01:43:06 INFO    qar.training.trainer | step   8300 | loss=2.3721 nce=2.3721 acc=0.3543 grad_norm=2.5904 lr=0.0002 steps_per_s=4.6355 mem/alloc_mib=4830.4956 mem/reserved_mib=6000.0000
01:43:28 INFO    qar.training.trainer | step   8400 | loss=2.4052 nce=2.4052 acc=0.3449 grad_norm=2.5709 lr=0.0002 steps_per_s=4.6381 mem/alloc_mib=4830.4956 mem/reserved_mib=6000.0000
01:43:50 INFO    qar.training.trainer | step   8500 | loss=2.3654 nce=2.3654 acc=0.3513 grad_norm=2.5745 lr=0.0002 steps_per_s=4.5846 mem/alloc_mib=4830.4956 mem/reserved_mib=6000.0000
01:44:12 INFO    qar.training.trainer | step   8600 | loss=2.3637 nce=2.3637 acc=0.3498 grad_norm=2.5795 lr=0.0002 steps_per_s=4.6034 mem/alloc_mib=4830.4956 mem/reserved_mib=6000.0000
01:44:33 INFO    qar.training.trainer | step   8700 | loss=2.3466 nce=2.3466 acc=0.3559 grad_norm=2.6112 lr=0.0002 steps_per_s=4.5930 mem/alloc_mib=4830.4956 mem/reserved_mib=6000.0000
01:44:55 INFO    qar.training.trainer | step   8800 | loss=2.3661 nce=2.3661 acc=0.3570 grad_norm=2.5110 lr=0.0002 steps_per_s=4.6258 mem/alloc_mib=4830.4956 mem/reserved_mib=6000.0000
01:45:17 INFO    qar.training.trainer | step   8900 | loss=2.3610 nce=2.3610 acc=0.3530 grad_norm=2.5595 lr=0.0002 steps_per_s=4.5779 mem/alloc_mib=4830.4956 mem/reserved_mib=6000.0000
01:45:38 INFO    qar.training.trainer | step   9000 | loss=2.3687 nce=2.3687 acc=0.3611 grad_norm=2.5375 lr=0.0002 steps_per_s=4.6509 mem/alloc_mib=4830.4956 mem/reserved_mib=6000.0000
01:45:41 INFO    qar.training.trainer | step   9000 | EVAL val/loss=2.4715 val/mrr=0.5011 val/recall@1=0.3271 val/recall@5=0.7102 val/recall@10=0.8059 val/mean_rank=8.2556
01:45:41 INFO    qar.training.trainer | new best val/recall@1=0.3271
01:46:03 INFO    qar.training.trainer | step   9100 | loss=2.3392 nce=2.3392 acc=0.3605 grad_norm=2.5760 lr=0.0002 steps_per_s=4.0941 mem/alloc_mib=4830.4956 mem/reserved_mib=6000.0000
01:46:24 INFO    qar.training.trainer | step   9200 | loss=2.3245 nce=2.3245 acc=0.3595 grad_norm=2.5365 lr=0.0002 steps_per_s=4.6092 mem/alloc_mib=4830.4956 mem/reserved_mib=6000.0000
01:46:46 INFO    qar.training.trainer | step   9300 | loss=2.3171 nce=2.3171 acc=0.3622 grad_norm=2.5337 lr=0.0002 steps_per_s=4.5857 mem/alloc_mib=4830.4956 mem/reserved_mib=6000.0000
01:47:08 INFO    qar.training.trainer | step   9400 | loss=2.3286 nce=2.3286 acc=0.3587 grad_norm=2.5331 lr=0.0002 steps_per_s=4.5831 mem/alloc_mib=4830.4956 mem/reserved_mib=6000.0000
01:47:30 INFO    qar.training.trainer | step   9500 | loss=2.3639 nce=2.3639 acc=0.3559 grad_norm=2.5391 lr=0.0002 steps_per_s=4.6225 mem/alloc_mib=4830.4956 mem/reserved_mib=6000.0000
01:47:51 INFO    qar.training.trainer | step   9600 | loss=2.3147 nce=2.3147 acc=0.3613 grad_norm=2.5051 lr=0.0002 steps_per_s=4.5822 mem/alloc_mib=4830.4956 mem/reserved_mib=6000.0000
01:48:13 INFO    qar.training.trainer | step   9700 | loss=2.2979 nce=2.2979 acc=0.3648 grad_norm=2.5301 lr=0.0002 steps_per_s=4.6321 mem/alloc_mib=4830.4956 mem/reserved_mib=6000.0000
01:48:35 INFO    qar.training.trainer | step   9800 | loss=2.3278 nce=2.3278 acc=0.3621 grad_norm=2.5293 lr=0.0002 steps_per_s=4.6030 mem/alloc_mib=4830.4956 mem/reserved_mib=6000.0000
01:48:57 INFO    qar.training.trainer | step   9900 | loss=2.3233 nce=2.3233 acc=0.3610 grad_norm=2.5150 lr=0.0002 steps_per_s=4.6085 mem/alloc_mib=4830.4956 mem/reserved_mib=6000.0000
01:49:18 INFO    qar.training.trainer | step  10000 | loss=2.3082 nce=2.3082 acc=0.3628 grad_norm=2.5510 lr=0.0002 steps_per_s=4.6119 mem/alloc_mib=4830.4956 mem/reserved_mib=6000.0000
01:49:21 INFO    qar.training.trainer | step  10000 | EVAL val/loss=2.4034 val/mrr=0.5131 val/recall@1=0.3447 val/recall@5=0.7200 val/recall@10=0.8157 val/mean_rank=7.7908
01:49:21 INFO    qar.training.trainer | new best val/recall@1=0.3447
01:49:43 INFO    qar.training.trainer | step  10100 | loss=2.3256 nce=2.3256 acc=0.3580 grad_norm=2.5217 lr=0.0002 steps_per_s=3.9700 mem/alloc_mib=4830.4956 mem/reserved_mib=6000.0000
01:50:05 INFO    qar.training.trainer | step  10200 | loss=2.3087 nce=2.3087 acc=0.3685 grad_norm=2.5624 lr=0.0002 steps_per_s=4.5394 mem/alloc_mib=4830.4956 mem/reserved_mib=6000.0000
01:50:27 INFO    qar.training.trainer | step  10300 | loss=2.3051 nce=2.3051 acc=0.3735 grad_norm=2.5283 lr=0.0002 steps_per_s=4.6000 mem/alloc_mib=4830.4956 mem/reserved_mib=6000.0000
01:50:49 INFO    qar.training.trainer | step  10400 | loss=2.3018 nce=2.3018 acc=0.3665 grad_norm=2.5122 lr=0.0002 steps_per_s=4.5748 mem/alloc_mib=4830.4956 mem/reserved_mib=6000.0000
01:51:11 INFO    qar.training.trainer | step  10500 | loss=2.2998 nce=2.2998 acc=0.3665 grad_norm=2.4921 lr=0.0002 steps_per_s=4.6163 mem/alloc_mib=4830.4956 mem/reserved_mib=6000.0000
01:51:33 INFO    qar.training.trainer | step  10600 | loss=2.2851 nce=2.2851 acc=0.3697 grad_norm=2.5057 lr=0.0001 steps_per_s=4.5668 mem/alloc_mib=4830.4956 mem/reserved_mib=6000.0000
01:51:54 INFO    qar.training.trainer | step  10700 | loss=2.3177 nce=2.3177 acc=0.3634 grad_norm=2.5173 lr=0.0001 steps_per_s=4.5798 mem/alloc_mib=4830.4956 mem/reserved_mib=6000.0000
01:52:16 INFO    qar.training.trainer | step  10800 | loss=2.2874 nce=2.2874 acc=0.3730 grad_norm=2.4937 lr=0.0001 steps_per_s=4.5798 mem/alloc_mib=4830.4956 mem/reserved_mib=6000.0000
01:52:38 INFO    qar.training.trainer | step  10900 | loss=2.3214 nce=2.3214 acc=0.3628 grad_norm=2.4996 lr=0.0001 steps_per_s=4.6077 mem/alloc_mib=4830.4956 mem/reserved_mib=6000.0000
01:53:00 INFO    qar.training.trainer | step  11000 | loss=2.2792 nce=2.2792 acc=0.3699 grad_norm=2.5124 lr=0.0001 steps_per_s=4.5331 mem/alloc_mib=4830.4956 mem/reserved_mib=6000.0000
01:53:02 INFO    qar.training.trainer | step  11000 | EVAL val/loss=2.3964 val/mrr=0.5123 val/recall@1=0.3376 val/recall@5=0.7231 val/recall@10=0.8228 val/mean_rank=7.7048
01:53:24 INFO    qar.training.trainer | step  11100 | loss=1.9773 nce=1.9773 acc=0.4336 grad_norm=2.6552 lr=0.0001 steps_per_s=4.1253 mem/alloc_mib=4830.4956 mem/reserved_mib=6000.0000
01:53:46 INFO    qar.training.trainer | step  11200 | loss=1.9979 nce=1.9979 acc=0.4290 grad_norm=2.7449 lr=0.0001 steps_per_s=4.5933 mem/alloc_mib=4830.4956 mem/reserved_mib=6000.0000
01:54:08 INFO    qar.training.trainer | step  11300 | loss=1.9932 nce=1.9932 acc=0.4319 grad_norm=2.7973 lr=0.0001 steps_per_s=4.5944 mem/alloc_mib=4830.4956 mem/reserved_mib=6000.0000
01:54:30 INFO    qar.training.trainer | step  11400 | loss=2.0102 nce=2.0102 acc=0.4313 grad_norm=2.7876 lr=0.0001 steps_per_s=4.5826 mem/alloc_mib=4830.4956 mem/reserved_mib=6000.0000
01:54:51 INFO    qar.training.trainer | step  11500 | loss=1.9886 nce=1.9886 acc=0.4365 grad_norm=2.8133 lr=0.0001 steps_per_s=4.5827 mem/alloc_mib=4830.4956 mem/reserved_mib=6000.0000
01:55:13 INFO    qar.training.trainer | step  11600 | loss=2.0034 nce=2.0034 acc=0.4288 grad_norm=2.8424 lr=0.0001 steps_per_s=4.5613 mem/alloc_mib=4830.4956 mem/reserved_mib=6000.0000
01:55:35 INFO    qar.training.trainer | step  11700 | loss=1.9992 nce=1.9992 acc=0.4338 grad_norm=2.8475 lr=0.0001 steps_per_s=4.5861 mem/alloc_mib=4830.4956 mem/reserved_mib=6000.0000
01:55:57 INFO    qar.training.trainer | step  11800 | loss=1.9824 nce=1.9824 acc=0.4313 grad_norm=2.8615 lr=0.0001 steps_per_s=4.5888 mem/alloc_mib=4830.4956 mem/reserved_mib=6000.0000
01:56:19 INFO    qar.training.trainer | step  11900 | loss=1.9880 nce=1.9880 acc=0.4344 grad_norm=2.8782 lr=0.0001 steps_per_s=4.5868 mem/alloc_mib=4830.4956 mem/reserved_mib=6000.0000
01:56:40 INFO    qar.training.trainer | step  12000 | loss=1.9959 nce=1.9959 acc=0.4361 grad_norm=2.8623 lr=0.0001 steps_per_s=4.6217 mem/alloc_mib=4830.4956 mem/reserved_mib=6000.0000
01:56:43 INFO    qar.training.trainer | step  12000 | EVAL val/loss=2.4669 val/mrr=0.5065 val/recall@1=0.3335 val/recall@5=0.7175 val/recall@10=0.8167 val/mean_rank=7.8823
01:57:05 INFO    qar.training.trainer | step  12100 | loss=2.0044 nce=2.0044 acc=0.4272 grad_norm=2.8682 lr=0.0001 steps_per_s=4.0191 mem/alloc_mib=4830.4956 mem/reserved_mib=6000.0000
01:57:27 INFO    qar.training.trainer | step  12200 | loss=2.0110 nce=2.0110 acc=0.4312 grad_norm=2.9167 lr=0.0001 steps_per_s=4.6150 mem/alloc_mib=4830.4956 mem/reserved_mib=6000.0000
01:57:49 INFO    qar.training.trainer | step  12300 | loss=1.9723 nce=1.9723 acc=0.4387 grad_norm=2.9552 lr=0.0001 steps_per_s=4.5763 mem/alloc_mib=4830.4956 mem/reserved_mib=6000.0000
01:58:11 INFO    qar.training.trainer | step  12400 | loss=2.0143 nce=2.0143 acc=0.4376 grad_norm=2.9099 lr=0.0001 steps_per_s=4.5939 mem/alloc_mib=4830.4956 mem/reserved_mib=6000.0000
01:58:32 INFO    qar.training.trainer | step  12500 | loss=1.9872 nce=1.9872 acc=0.4355 grad_norm=2.9219 lr=0.0001 steps_per_s=4.5928 mem/alloc_mib=4830.4956 mem/reserved_mib=6000.0000
01:58:54 INFO    qar.training.trainer | step  12600 | loss=1.9922 nce=1.9922 acc=0.4373 grad_norm=2.9270 lr=0.0001 steps_per_s=4.5775 mem/alloc_mib=4830.4956 mem/reserved_mib=6000.0000
01:59:16 INFO    qar.training.trainer | step  12700 | loss=2.0097 nce=2.0097 acc=0.4352 grad_norm=2.8828 lr=0.0001 steps_per_s=4.5633 mem/alloc_mib=4830.4956 mem/reserved_mib=6000.0000
01:59:38 INFO    qar.training.trainer | step  12800 | loss=1.9872 nce=1.9872 acc=0.4398 grad_norm=2.9327 lr=0.0001 steps_per_s=4.5861 mem/alloc_mib=4830.4956 mem/reserved_mib=6000.0000
02:00:00 INFO    qar.training.trainer | step  12900 | loss=1.9838 nce=1.9838 acc=0.4362 grad_norm=2.9145 lr=0.0001 steps_per_s=4.5946 mem/alloc_mib=4830.4956 mem/reserved_mib=6000.0000
02:00:21 INFO    qar.training.trainer | step  13000 | loss=2.0088 nce=2.0088 acc=0.4276 grad_norm=2.9427 lr=0.0001 steps_per_s=4.5921 mem/alloc_mib=4830.4956 mem/reserved_mib=6000.0000
02:00:24 INFO    qar.training.trainer | step  13000 | EVAL val/loss=2.4425 val/mrr=0.5130 val/recall@1=0.3435 val/recall@5=0.7205 val/recall@10=0.8201 val/mean_rank=7.8120
02:00:46 INFO    qar.training.trainer | step  13100 | loss=1.9867 nce=1.9867 acc=0.4345 grad_norm=2.9336 lr=0.0001 steps_per_s=4.1306 mem/alloc_mib=4830.4956 mem/reserved_mib=6000.0000
02:01:07 INFO    qar.training.trainer | step  13200 | loss=2.0079 nce=2.0079 acc=0.4266 grad_norm=2.9477 lr=0.0001 steps_per_s=4.6033 mem/alloc_mib=4830.4956 mem/reserved_mib=6000.0000
02:01:29 INFO    qar.training.trainer | step  13300 | loss=1.9829 nce=1.9829 acc=0.4343 grad_norm=2.9396 lr=0.0001 steps_per_s=4.5807 mem/alloc_mib=4830.4956 mem/reserved_mib=6000.0000
02:01:51 INFO    qar.training.trainer | step  13400 | loss=2.0030 nce=2.0030 acc=0.4291 grad_norm=2.9184 lr=0.0001 steps_per_s=4.5717 mem/alloc_mib=4830.4956 mem/reserved_mib=6000.0000
02:02:13 INFO    qar.training.trainer | step  13500 | loss=1.9919 nce=1.9919 acc=0.4345 grad_norm=2.9337 lr=0.0001 steps_per_s=4.5233 mem/alloc_mib=4830.4956 mem/reserved_mib=6000.0000
02:02:35 INFO    qar.training.trainer | step  13600 | loss=1.9832 nce=1.9832 acc=0.4359 grad_norm=2.9267 lr=0.0001 steps_per_s=4.5308 mem/alloc_mib=4830.4956 mem/reserved_mib=6000.0000
02:02:57 INFO    qar.training.trainer | step  13700 | loss=1.9630 nce=1.9630 acc=0.4420 grad_norm=2.9572 lr=0.0001 steps_per_s=4.5603 mem/alloc_mib=4830.4956 mem/reserved_mib=6000.0000
02:03:19 INFO    qar.training.trainer | step  13800 | loss=1.9694 nce=1.9694 acc=0.4333 grad_norm=2.9254 lr=0.0001 steps_per_s=4.6122 mem/alloc_mib=4830.4956 mem/reserved_mib=6000.0000
02:03:41 INFO    qar.training.trainer | step  13900 | loss=1.9775 nce=1.9775 acc=0.4422 grad_norm=2.9354 lr=0.0001 steps_per_s=4.5860 mem/alloc_mib=4830.4956 mem/reserved_mib=6000.0000
02:04:02 INFO    qar.training.trainer | step  14000 | loss=1.9824 nce=1.9824 acc=0.4383 grad_norm=2.9489 lr=0.0001 steps_per_s=4.5988 mem/alloc_mib=4830.4956 mem/reserved_mib=6000.0000
02:04:05 INFO    qar.training.trainer | step  14000 | EVAL val/loss=2.4187 val/mrr=0.5223 val/recall@1=0.3547 val/recall@5=0.7222 val/recall@10=0.8232 val/mean_rank=7.6577
02:04:06 INFO    qar.training.trainer | new best val/recall@1=0.3547
02:04:28 INFO    qar.training.trainer | step  14100 | loss=1.9790 nce=1.9790 acc=0.4341 grad_norm=2.9214 lr=0.0001 steps_per_s=3.9154 mem/alloc_mib=4830.4956 mem/reserved_mib=6000.0000
02:04:50 INFO    qar.training.trainer | step  14200 | loss=1.9854 nce=1.9854 acc=0.4316 grad_norm=2.9453 lr=0.0001 steps_per_s=4.5617 mem/alloc_mib=4830.4956 mem/reserved_mib=6000.0000
02:05:12 INFO    qar.training.trainer | step  14300 | loss=1.9769 nce=1.9769 acc=0.4423 grad_norm=2.9436 lr=0.0001 steps_per_s=4.5821 mem/alloc_mib=4830.4956 mem/reserved_mib=6000.0000
02:05:33 INFO    qar.training.trainer | step  14400 | loss=1.9594 nce=1.9594 acc=0.4367 grad_norm=2.9305 lr=0.0001 steps_per_s=4.6189 mem/alloc_mib=4830.4956 mem/reserved_mib=6000.0000
02:05:55 INFO    qar.training.trainer | step  14500 | loss=1.9728 nce=1.9728 acc=0.4357 grad_norm=2.9288 lr=0.0001 steps_per_s=4.5559 mem/alloc_mib=4830.4956 mem/reserved_mib=6000.0000
02:06:17 INFO    qar.training.trainer | step  14600 | loss=2.0011 nce=2.0011 acc=0.4313 grad_norm=2.9292 lr=0.0001 steps_per_s=4.5673 mem/alloc_mib=4830.4956 mem/reserved_mib=6000.0000
02:06:39 INFO    qar.training.trainer | step  14700 | loss=1.9562 nce=1.9562 acc=0.4377 grad_norm=2.9551 lr=0.0001 steps_per_s=4.5516 mem/alloc_mib=4830.4956 mem/reserved_mib=6000.0000
02:07:01 INFO    qar.training.trainer | step  14800 | loss=1.9553 nce=1.9553 acc=0.4371 grad_norm=2.9426 lr=0.0001 steps_per_s=4.5766 mem/alloc_mib=4830.4956 mem/reserved_mib=6000.0000
02:07:23 INFO    qar.training.trainer | step  14900 | loss=1.9776 nce=1.9776 acc=0.4349 grad_norm=2.9422 lr=0.0001 steps_per_s=4.5666 mem/alloc_mib=4830.4956 mem/reserved_mib=6000.0000
02:07:45 INFO    qar.training.trainer | step  15000 | loss=1.9765 nce=1.9765 acc=0.4369 grad_norm=2.9136 lr=0.0000 steps_per_s=4.5688 mem/alloc_mib=4830.4956 mem/reserved_mib=6000.0000
02:07:47 INFO    qar.training.trainer | step  15000 | EVAL val/loss=2.4188 val/mrr=0.5219 val/recall@1=0.3525 val/recall@5=0.7261 val/recall@10=0.8225 val/mean_rank=7.6182
02:08:09 INFO    qar.training.trainer | step  15100 | loss=1.9774 nce=1.9774 acc=0.4330 grad_norm=2.9693 lr=0.0000 steps_per_s=4.0831 mem/alloc_mib=4830.4956 mem/reserved_mib=6000.0000
02:08:31 INFO    qar.training.trainer | step  15200 | loss=1.9572 nce=1.9572 acc=0.4388 grad_norm=2.9392 lr=0.0000 steps_per_s=4.5694 mem/alloc_mib=4830.4956 mem/reserved_mib=6000.0000
02:08:53 INFO    qar.training.trainer | step  15300 | loss=1.9802 nce=1.9802 acc=0.4410 grad_norm=2.9650 lr=0.0000 steps_per_s=4.5928 mem/alloc_mib=4830.4956 mem/reserved_mib=6000.0000
02:09:15 INFO    qar.training.trainer | step  15400 | loss=1.9446 nce=1.9446 acc=0.4396 grad_norm=2.9342 lr=0.0000 steps_per_s=4.5885 mem/alloc_mib=4830.4956 mem/reserved_mib=6000.0000
02:09:37 INFO    qar.training.trainer | step  15500 | loss=1.9773 nce=1.9773 acc=0.4420 grad_norm=2.9402 lr=0.0000 steps_per_s=4.5884 mem/alloc_mib=4830.4956 mem/reserved_mib=6000.0000
02:09:58 INFO    qar.training.trainer | step  15600 | loss=1.9439 nce=1.9439 acc=0.4402 grad_norm=2.9533 lr=0.0000 steps_per_s=4.5926 mem/alloc_mib=4830.4956 mem/reserved_mib=6000.0000
02:10:20 INFO    qar.training.trainer | step  15700 | loss=1.9660 nce=1.9660 acc=0.4451 grad_norm=2.9544 lr=0.0000 steps_per_s=4.6026 mem/alloc_mib=4830.4956 mem/reserved_mib=6000.0000
02:10:42 INFO    qar.training.trainer | step  15800 | loss=1.9707 nce=1.9707 acc=0.4442 grad_norm=2.9419 lr=0.0000 steps_per_s=4.5631 mem/alloc_mib=4830.4956 mem/reserved_mib=6000.0000
02:11:04 INFO    qar.training.trainer | step  15900 | loss=1.9541 nce=1.9541 acc=0.4425 grad_norm=2.9577 lr=0.0000 steps_per_s=4.5886 mem/alloc_mib=4830.4956 mem/reserved_mib=6000.0000
02:11:26 INFO    qar.training.trainer | step  16000 | loss=1.9751 nce=1.9751 acc=0.4433 grad_norm=2.9502 lr=0.0000 steps_per_s=4.5658 mem/alloc_mib=4830.4956 mem/reserved_mib=6000.0000
02:11:28 INFO    qar.training.trainer | step  16000 | EVAL val/loss=2.3886 val/mrr=0.5193 val/recall@1=0.3472 val/recall@5=0.7310 val/recall@10=0.8240 val/mean_rank=7.5349
02:11:51 INFO    qar.training.trainer | step  16100 | loss=1.9530 nce=1.9530 acc=0.4462 grad_norm=2.9539 lr=0.0000 steps_per_s=3.9720 mem/alloc_mib=4830.4956 mem/reserved_mib=6000.0000
02:12:13 INFO    qar.training.trainer | step  16200 | loss=1.9404 nce=1.9404 acc=0.4483 grad_norm=2.9675 lr=0.0000 steps_per_s=4.6023 mem/alloc_mib=4830.4956 mem/reserved_mib=6000.0000
02:12:34 INFO    qar.training.trainer | step  16300 | loss=1.9399 nce=1.9399 acc=0.4416 grad_norm=2.9628 lr=0.0000 steps_per_s=4.5657 mem/alloc_mib=4830.4956 mem/reserved_mib=6000.0000
02:12:56 INFO    qar.training.trainer | step  16400 | loss=1.9425 nce=1.9425 acc=0.4435 grad_norm=2.9887 lr=0.0000 steps_per_s=4.5945 mem/alloc_mib=4830.4956 mem/reserved_mib=6000.0000
02:13:18 INFO    qar.training.trainer | step  16500 | loss=1.9560 nce=1.9560 acc=0.4456 grad_norm=2.9532 lr=0.0000 steps_per_s=4.5497 mem/alloc_mib=4830.4956 mem/reserved_mib=6000.0000
02:13:40 INFO    qar.training.trainer | step  16600 | loss=1.7400 nce=1.7400 acc=0.4925 grad_norm=2.9441 lr=0.0000 steps_per_s=4.5903 mem/alloc_mib=4830.4956 mem/reserved_mib=6000.0000
02:14:02 INFO    qar.training.trainer | step  16700 | loss=1.7408 nce=1.7408 acc=0.4925 grad_norm=3.0285 lr=0.0000 steps_per_s=4.5981 mem/alloc_mib=4830.4956 mem/reserved_mib=6000.0000
02:14:24 INFO    qar.training.trainer | step  16800 | loss=1.7416 nce=1.7416 acc=0.4905 grad_norm=3.0547 lr=0.0000 steps_per_s=4.5452 mem/alloc_mib=4830.4956 mem/reserved_mib=6000.0000
02:14:46 INFO    qar.training.trainer | step  16900 | loss=1.7309 nce=1.7309 acc=0.4970 grad_norm=3.0631 lr=0.0000 steps_per_s=4.5644 mem/alloc_mib=4830.4956 mem/reserved_mib=6000.0000
02:15:08 INFO    qar.training.trainer | step  17000 | loss=1.7367 nce=1.7367 acc=0.4950 grad_norm=3.0828 lr=0.0000 steps_per_s=4.5706 mem/alloc_mib=4830.4956 mem/reserved_mib=6000.0000
02:15:10 INFO    qar.training.trainer | step  17000 | EVAL val/loss=2.4560 val/mrr=0.5176 val/recall@1=0.3455 val/recall@5=0.7280 val/recall@10=0.8232 val/mean_rank=7.6365
02:15:32 INFO    qar.training.trainer | step  17100 | loss=1.7525 nce=1.7525 acc=0.4926 grad_norm=3.1403 lr=0.0000 steps_per_s=4.1208 mem/alloc_mib=4830.4956 mem/reserved_mib=6000.0000
02:15:54 INFO    qar.training.trainer | step  17200 | loss=1.7418 nce=1.7418 acc=0.4923 grad_norm=3.1182 lr=0.0000 steps_per_s=4.5501 mem/alloc_mib=4830.4956 mem/reserved_mib=6000.0000
02:16:16 INFO    qar.training.trainer | step  17300 | loss=1.7569 nce=1.7569 acc=0.4897 grad_norm=3.1451 lr=0.0000 steps_per_s=4.5717 mem/alloc_mib=4830.4956 mem/reserved_mib=6000.0000
02:16:37 INFO    qar.training.trainer | step  17400 | loss=1.7575 nce=1.7575 acc=0.4865 grad_norm=3.1520 lr=0.0000 steps_per_s=4.6011 mem/alloc_mib=4830.4956 mem/reserved_mib=6000.0000
02:16:59 INFO    qar.training.trainer | step  17500 | loss=1.7347 nce=1.7347 acc=0.4926 grad_norm=3.1515 lr=0.0000 steps_per_s=4.5982 mem/alloc_mib=4830.4956 mem/reserved_mib=6000.0000
02:17:21 INFO    qar.training.trainer | step  17600 | loss=1.7215 nce=1.7215 acc=0.5029 grad_norm=3.1164 lr=0.0000 steps_per_s=4.5811 mem/alloc_mib=4830.4956 mem/reserved_mib=6000.0000
02:17:43 INFO    qar.training.trainer | step  17700 | loss=1.7424 nce=1.7424 acc=0.4937 grad_norm=3.1650 lr=0.0000 steps_per_s=4.5640 mem/alloc_mib=4830.4956 mem/reserved_mib=6000.0000
02:18:05 INFO    qar.training.trainer | step  17800 | loss=1.7515 nce=1.7515 acc=0.4911 grad_norm=3.1710 lr=0.0000 steps_per_s=4.5515 mem/alloc_mib=4830.4956 mem/reserved_mib=6000.0000
02:18:27 INFO    qar.training.trainer | step  17900 | loss=1.7218 nce=1.7218 acc=0.4963 grad_norm=3.1319 lr=0.0000 steps_per_s=4.5932 mem/alloc_mib=4830.4956 mem/reserved_mib=6000.0000
02:18:49 INFO    qar.training.trainer | step  18000 | loss=1.7491 nce=1.7491 acc=0.4930 grad_norm=3.1575 lr=0.0000 steps_per_s=4.5635 mem/alloc_mib=4830.4956 mem/reserved_mib=6000.0000
02:18:51 INFO    qar.training.trainer | step  18000 | EVAL val/loss=2.4574 val/mrr=0.5228 val/recall@1=0.3530 val/recall@5=0.7258 val/recall@10=0.8225 val/mean_rank=7.6377
02:19:14 INFO    qar.training.trainer | step  18100 | loss=1.7645 nce=1.7645 acc=0.4847 grad_norm=3.1635 lr=0.0000 steps_per_s=3.9944 mem/alloc_mib=4830.4956 mem/reserved_mib=6000.0000
02:19:35 INFO    qar.training.trainer | step  18200 | loss=1.7617 nce=1.7617 acc=0.4911 grad_norm=3.1660 lr=0.0000 steps_per_s=4.5780 mem/alloc_mib=4830.4956 mem/reserved_mib=6000.0000
02:19:57 INFO    qar.training.trainer | step  18300 | loss=1.7475 nce=1.7475 acc=0.4935 grad_norm=3.1565 lr=0.0000 steps_per_s=4.6005 mem/alloc_mib=4830.4956 mem/reserved_mib=6000.0000
02:20:19 INFO    qar.training.trainer | step  18400 | loss=1.7469 nce=1.7469 acc=0.4903 grad_norm=3.1800 lr=0.0000 steps_per_s=4.6058 mem/alloc_mib=4830.4956 mem/reserved_mib=6000.0000
02:20:41 INFO    qar.training.trainer | step  18500 | loss=1.7548 nce=1.7548 acc=0.4905 grad_norm=3.1765 lr=0.0000 steps_per_s=4.5749 mem/alloc_mib=4830.4956 mem/reserved_mib=6000.0000
02:21:03 INFO    qar.training.trainer | step  18600 | loss=1.7519 nce=1.7519 acc=0.4920 grad_norm=3.1391 lr=0.0000 steps_per_s=4.5900 mem/alloc_mib=4830.4956 mem/reserved_mib=6000.0000
02:21:24 INFO    qar.training.trainer | step  18700 | loss=1.7625 nce=1.7625 acc=0.4880 grad_norm=3.1589 lr=0.0000 steps_per_s=4.6233 mem/alloc_mib=4830.4956 mem/reserved_mib=6000.0000
02:21:46 INFO    qar.training.trainer | step  18800 | loss=1.7591 nce=1.7591 acc=0.4905 grad_norm=3.1770 lr=0.0000 steps_per_s=4.5895 mem/alloc_mib=4830.4956 mem/reserved_mib=6000.0000
02:22:08 INFO    qar.training.trainer | step  18900 | loss=1.7466 nce=1.7466 acc=0.4942 grad_norm=3.1498 lr=0.0000 steps_per_s=4.5767 mem/alloc_mib=4830.4956 mem/reserved_mib=6000.0000
02:22:30 INFO    qar.training.trainer | step  19000 | loss=1.7424 nce=1.7424 acc=0.4966 grad_norm=3.1447 lr=0.0000 steps_per_s=4.5910 mem/alloc_mib=4830.4956 mem/reserved_mib=6000.0000
02:22:32 INFO    qar.training.trainer | step  19000 | EVAL val/loss=2.4517 val/mrr=0.5231 val/recall@1=0.3574 val/recall@5=0.7258 val/recall@10=0.8247 val/mean_rank=7.6448
02:22:33 INFO    qar.training.trainer | new best val/recall@1=0.3574
02:22:54 INFO    qar.training.trainer | step  19100 | loss=1.7484 nce=1.7484 acc=0.4933 grad_norm=3.1700 lr=0.0000 steps_per_s=4.0462 mem/alloc_mib=4830.4956 mem/reserved_mib=6000.0000
02:23:16 INFO    qar.training.trainer | step  19200 | loss=1.7426 nce=1.7426 acc=0.4921 grad_norm=3.1843 lr=0.0000 steps_per_s=4.5652 mem/alloc_mib=4830.4956 mem/reserved_mib=6000.0000
02:23:38 INFO    qar.training.trainer | step  19300 | loss=1.7726 nce=1.7726 acc=0.4877 grad_norm=3.2173 lr=0.0000 steps_per_s=4.6055 mem/alloc_mib=4830.4956 mem/reserved_mib=6000.0000
02:24:00 INFO    qar.training.trainer | step  19400 | loss=1.7473 nce=1.7473 acc=0.4884 grad_norm=3.1680 lr=0.0000 steps_per_s=4.5682 mem/alloc_mib=4830.4956 mem/reserved_mib=6000.0000
02:24:22 INFO    qar.training.trainer | step  19500 | loss=1.7341 nce=1.7341 acc=0.4955 grad_norm=3.1911 lr=0.0000 steps_per_s=4.5687 mem/alloc_mib=4830.4956 mem/reserved_mib=6000.0000
02:24:43 INFO    qar.training.trainer | step  19600 | loss=1.7348 nce=1.7348 acc=0.4930 grad_norm=3.1540 lr=0.0000 steps_per_s=4.5931 mem/alloc_mib=4830.4956 mem/reserved_mib=6000.0000
02:25:05 INFO    qar.training.trainer | step  19700 | loss=1.7410 nce=1.7410 acc=0.4967 grad_norm=3.1625 lr=0.0000 steps_per_s=4.5483 mem/alloc_mib=4830.4956 mem/reserved_mib=6000.0000
02:25:27 INFO    qar.training.trainer | step  19800 | loss=1.7629 nce=1.7629 acc=0.4882 grad_norm=3.1998 lr=0.0000 steps_per_s=4.5680 mem/alloc_mib=4830.4956 mem/reserved_mib=6000.0000
02:25:49 INFO    qar.training.trainer | step  19900 | loss=1.7505 nce=1.7505 acc=0.4945 grad_norm=3.1691 lr=0.0000 steps_per_s=4.5567 mem/alloc_mib=4830.4956 mem/reserved_mib=6000.0000
02:26:11 INFO    qar.training.trainer | step  20000 | loss=1.7585 nce=1.7585 acc=0.4888 grad_norm=3.1617 lr=0.0000 steps_per_s=4.5523 mem/alloc_mib=4830.4956 mem/reserved_mib=6000.0000
02:26:14 INFO    qar.training.trainer | step  20000 | EVAL val/loss=2.4598 val/mrr=0.5201 val/recall@1=0.3508 val/recall@5=0.7266 val/recall@10=0.8237 val/mean_rank=7.6548
02:26:15 INFO    train | done: {'best': 0.357421875, 'steps': 20000, 'val/loss': 2.459816128015518, 'val/mrr': 0.5201444095000625, 'val/recall@1': 0.350830078125, 'val/recall@5': 0.7265625, 'val/recall@10': 0.82373046875, 'val/mean_rank': 7.65478515625}
